This is pdfTeX, Version 3.141592653-2.6-1.40.28 (MiKTeX 25.12) (preloaded format=pdflatex.fmt)
 restricted \write18 enabled.
entering extended mode
(main.tex
LaTeX2e <2025-11-01>
L3 programming layer <2025-12-24>
(C:\Users\cc\AppData\Local\Programs\MiKTeX\tex/latex/base\article.cls
Document Class: article 2025/01/22 v1.4n Standard LaTeX document class
(C:\Users\cc\AppData\Local\Programs\MiKTeX\tex/latex/base\size11.clo))
(../shared/acl.sty
Conference Style for ACL
(C:\Users\cc\AppData\Local\Programs\MiKTeX\tex/latex/xcolor\xcolor.sty
(C:\Users\cc\AppData\Local\Programs\MiKTeX\tex/latex/graphics-cfg\color.cfg)
(C:\Users\cc\AppData\Local\Programs\MiKTeX\tex/latex/graphics-def\pdftex.def)
(C:\Users\cc\AppData\Local\Programs\MiKTeX\tex/latex/graphics\mathcolor.ltx))
(C:\Users\cc\AppData\Local\Programs\MiKTeX\tex/latex/lineno\lineno.sty
(C:\Users\cc\AppData\Local\Programs\MiKTeX\tex/latex/etoolbox\etoolbox.sty)
(C:\Users\cc\AppData\Local\Programs\MiKTeX\tex/latex/kvoptions\kvoptions.sty
(C:\Users\cc\AppData\Local\Programs\MiKTeX\tex/latex/graphics\keyval.sty)
(C:\Users\cc\AppData\Local\Programs\MiKTeX\tex/generic/ltxcmds\ltxcmds.sty)
(C:\Users\cc\AppData\Local\Programs\MiKTeX\tex/latex/kvsetkeys\kvsetkeys.sty)))
(C:\Users\cc\AppData\Local\Programs\MiKTeX\tex/latex/geometry\geometry.sty
(C:\Users\cc\AppData\Local\Programs\MiKTeX\tex/generic/iftex\ifvtex.sty
(C:\Users\cc\AppData\Local\Programs\MiKTeX\tex/generic/iftex\iftex.sty))
(C:\Users\cc\AppData\Local\Programs\MiKTeX\tex/latex/geometry\geometry.cfg))
(C:\Users\cc\AppData\Local\Programs\MiKTeX\tex/latex/caption\caption.sty
(C:\Users\cc\AppData\Local\Programs\MiKTeX\tex/latex/caption\caption3.sty))
(C:\Users\cc\AppData\Local\Programs\MiKTeX\tex/latex/natbib\natbib.sty)
(C:\Users\cc\AppData\Local\Programs\MiKTeX\tex/latex/hyperref\hyperref.sty
(C:\Users\cc\AppData\Local\Programs\MiKTeX\tex/generic/kvdefinekeys\kvdefinekey
s.sty)
(C:\Users\cc\AppData\Local\Programs\MiKTeX\tex/generic/pdfescape\pdfescape.sty
(C:\Users\cc\AppData\Local\Programs\MiKTeX\tex/generic/pdftexcmds\pdftexcmds.st
y
(C:\Users\cc\AppData\Local\Programs\MiKTeX\tex/generic/infwarerr\infwarerr.sty)
)) (C:\Users\cc\AppData\Local\Programs\MiKTeX\tex/latex/hycolor\hycolor.sty)
(C:\Users\cc\AppData\Local\Programs\MiKTeX\tex/latex/hyperref\nameref.sty
(C:\Users\cc\AppData\Local\Programs\MiKTeX\tex/latex/refcount\refcount.sty)
(C:\Users\cc\AppData\Local\Programs\MiKTeX\tex/generic/gettitlestring\gettitles
tring.sty))
(C:\Users\cc\AppData\Local\Programs\MiKTeX\tex/generic/stringenc\stringenc.sty)
(C:\Users\cc\AppData\Local\Programs\MiKTeX\tex/latex/hyperref\pd1enc.def)
(C:\Users\cc\AppData\Local\Programs\MiKTeX\tex/generic/intcalc\intcalc.sty)
(C:\Users\cc\AppData\Local\Programs\MiKTeX\tex/latex/hyperref\puenc.def)
(C:\Users\cc\AppData\Local\Programs\MiKTeX\tex/latex/url\url.sty)
(C:\Users\cc\AppData\Local\Programs\MiKTeX\tex/generic/bitset\bitset.sty
(C:\Users\cc\AppData\Local\Programs\MiKTeX\tex/generic/bigintcalc\bigintcalc.st
y))) (C:\Users\cc\AppData\Local\Programs\MiKTeX\tex/latex/hyperref\hpdftex.def
(C:\Users\cc\AppData\Local\Programs\MiKTeX\tex/latex/rerunfilecheck\rerunfilech
eck.sty
(C:\Users\cc\AppData\Local\Programs\MiKTeX\tex/generic/uniquecounter\uniquecoun
ter.sty))))
(C:\Users\cc\AppData\Local\Programs\MiKTeX\tex/latex/psnfss\times.sty)
(C:\Users\cc\AppData\Local\Programs\MiKTeX\tex/latex/base\latexsym.sty)
(C:\Users\cc\AppData\Local\Programs\MiKTeX\tex/latex/base\fontenc.sty
(C:\Users\cc\AppData\Local\Programs\MiKTeX\tex/latex/psnfss\t1ptm.fd))
(C:\Users\cc\AppData\Local\Programs\MiKTeX\tex/latex/base\inputenc.sty)
(C:\Users\cc\AppData\Local\Programs\MiKTeX\tex/latex/microtype\microtype.sty
(C:\Users\cc\AppData\Local\Programs\MiKTeX\tex/latex/microtype\microtype-pdftex
.def)
(C:\Users\cc\AppData\Local\Programs\MiKTeX\tex/latex/microtype\microtype.cfg))
(C:\Users\cc\AppData\Local\Programs\MiKTeX\tex/latex/graphics\graphicx.sty
(C:\Users\cc\AppData\Local\Programs\MiKTeX\tex/latex/graphics\graphics.sty
(C:\Users\cc\AppData\Local\Programs\MiKTeX\tex/latex/graphics\trig.sty)
(C:\Users\cc\AppData\Local\Programs\MiKTeX\tex/latex/graphics-cfg\graphics.cfg)
)) (C:\Users\cc\AppData\Local\Programs\MiKTeX\tex/latex/booktabs\booktabs.sty)
(C:\Users\cc\AppData\Local\Programs\MiKTeX\tex/latex/amsmath\amsmath.sty
For additional information on amsmath, use the `?' option.
(C:\Users\cc\AppData\Local\Programs\MiKTeX\tex/latex/amsmath\amstext.sty
(C:\Users\cc\AppData\Local\Programs\MiKTeX\tex/latex/amsmath\amsgen.sty))
(C:\Users\cc\AppData\Local\Programs\MiKTeX\tex/latex/amsmath\amsbsy.sty)
(C:\Users\cc\AppData\Local\Programs\MiKTeX\tex/latex/amsmath\amsopn.sty))
(C:\Users\cc\AppData\Local\Programs\MiKTeX\tex/latex/amsfonts\amssymb.sty
(C:\Users\cc\AppData\Local\Programs\MiKTeX\tex/latex/amsfonts\amsfonts.sty))
(C:\Users\cc\AppData\Local\Programs\MiKTeX\tex/latex/tools\array.sty)
(C:\Users\cc\AppData\Local\Programs\MiKTeX\tex/latex/tools\xspace.sty)
(../shared/numbers.tex)
(C:\Users\cc\AppData\Local\Programs\MiKTeX\tex/latex/l3backend\l3backend-pdftex
.def)
No file main.aux.
(C:\Users\cc\AppData\Local\Programs\MiKTeX\tex/context/base/mkii\supp-pdf.mkii
[Loading MPS to PDF converter (version 2006.09.02).]
)
(C:\Users\cc\AppData\Local\Programs\MiKTeX\tex/latex/epstopdf-pkg\epstopdf-base
.sty
(C:\Users\cc\AppData\Local\Programs\MiKTeX\tex/latex/00miktex\epstopdf-sys.cfg)
)
*geometry* driver: auto-detecting
*geometry* detected driver: pdftex
(C:\Users\cc\AppData\Local\Programs\MiKTeX\tex/latex/microtype\mt-ptm.cfg)
(C:\Users\cc\AppData\Local\Programs\MiKTeX\tex/latex/microtype\mt-cmr.cfg)
(C:\Users\cc\AppData\Local\Programs\MiKTeX\tex/latex/base\ulasy.fd)
(C:\Users\cc\AppData\Local\Programs\MiKTeX\tex/latex/amsfonts\umsa.fd)
(C:\Users\cc\AppData\Local\Programs\MiKTeX\tex/latex/microtype\mt-msa.cfg)
(C:\Users\cc\AppData\Local\Programs\MiKTeX\tex/latex/amsfonts\umsb.fd)
(C:\Users\cc\AppData\Local\Programs\MiKTeX\tex/latex/microtype\mt-msb.cfg)

Package lineno Warning: Line number reference failed, re-run to get it right.


Package natbib Warning: Citation `karpukhin2020dpr' on page 1 undefined on inpu
t line 41.


Package natbib Warning: Citation `yang2018hotpotqa' on page 1 undefined on inpu
t line 45.


Package natbib Warning: Citation `trivedi2022musique' on page 1 undefined on in
put line 45.


Package natbib Warning: Citation `liu2024lostmiddle' on page 1 undefined on inp
ut line 51.

[1{C:/Users/cc/AppData/Local/MiKTeX/fonts/map/pdftex/pdftex.map}{C:/Users/cc/Ap
pData/Local/Programs/MiKTeX/fonts/enc/dvips/base/8r.enc}]
(C:\Users\cc\AppData\Local\Programs\MiKTeX\tex/latex/psnfss\ts1ptm.fd)
Underfull \hbox (badness 3746) in paragraph at lines 89--92
\T1/ptm/m/n/10.95 (+20) through a ver-i-fied fixed-visible-evidence

Underfull \hbox (badness 10000) in paragraph at lines 89--92
\T1/ptm/m/n/10.95 (+20) place-ment com-par-i-son and supporting-

Package natbib Warning: Citation `karpukhin2020dpr' on page 2 undefined on inpu
t line 97.


Package natbib Warning: Citation `xiong2021mdr' on page 2 undefined on input li
ne 98.


Package natbib Warning: Citation `trivedi2023ircot' on page 2 undefined on inpu
t line 100.


Package natbib Warning: Citation `xia2019granularball' on page 2 undefined on i
nput line 106.


Package natbib Warning: Citation `ni2026saghl' on page 2 undefined on input lin
e 107.


Package natbib Warning: Citation `zhao2026mghrl' on page 2 undefined on input l
ine 109.


Package natbib Warning: Citation `li2026gbfrh' on page 2 undefined on input lin
e 110.


Underfull \hbox (badness 10000) in paragraph at lines 105--115
 []\T1/ptm/b/n/10.95 (+20) Granular-ball and hy-per-graph learn-ing.[]

Underfull \hbox (badness 2865) in paragraph at lines 105--115
\T1/ptm/m/n/10.95 (+20) (\T1/ptm/b/n/10.95 (+20) ?\T1/ptm/m/n/10.95 (+20) ). SA
GHL con-structs hi-er-ar-chi-cal hy-per-

Underfull \hbox (badness 2261) in paragraph at lines 105--115
\T1/ptm/m/n/10.95 (+20) with a trained multi-granularity net-work (\T1/ptm/b/n/
10.95 (+20) ?\T1/ptm/m/n/10.95 (+20) ).

Underfull \hbox (badness 2635) in paragraph at lines 105--115
\T1/ptm/m/n/10.95 (+20) Granular-ball di-ver-gence also sup-ports fuzzy

Package natbib Warning: Citation `sarthi2024raptor' on page 2 undefined on inpu
t line 118.


Package natbib Warning: Citation `gutierrez2024hipporag' on page 2 undefined on
 input line 118.


Package natbib Warning: Citation `wang2026crossgranularity' on page 2 undefined
 on input line 121.


Package natbib Warning: Citation `luo2025hypergraphrag' on page 2 undefined on 
input line 123.


Package natbib Warning: Citation `feng2026hyperrag' on page 2 undefined on inpu
t line 124.


Package natbib Warning: Citation `carbonell1998mmr' on page 2 undefined on inpu
t line 133.


Package natbib Warning: Citation `lin2011submodular' on page 2 undefined on inp
ut line 135.


Package natbib Warning: Citation `liu2024lostmiddle' on page 2 undefined on inp
ut line 139.

[2]

Package natbib Warning: Citation `xia2019granularball' on page 3 undefined on i
nput line 171.


LaTeX Warning: Reference `fig:workflow' on page 3 undefined on input line 214.


LaTeX Warning: Reference `app:native' on page 3 undefined on input line 236.


Package natbib Warning: Citation `yang2018hotpotqa' on page 3 undefined on inpu
t line 242.


Package natbib Warning: Citation `trivedi2022musique' on page 3 undefined on in
put line 242.

[3] (C:\Users\cc\AppData\Local\Programs\MiKTeX\tex/latex/psnfss\t1pcr.fd)

LaTeX Warning: Reference `app:scoring' on page 4 undefined on input line 280.


Underfull \vbox (badness 10000) has occurred while \output is active
Underfull \vbox (badness 10000) has occurred while \output is active

Package natbib Warning: Citation `dror2018hitchhiker' on page 4 undefined on in
put line 294.


LaTeX Warning: Reference `tab:compact' on page 4 undefined on input line 304.

[4 <../shared/workflow.pdf>]

LaTeX Warning: Reference `fig:components' on page 5 undefined on input line 349
.


Underfull \hbox (badness 2941) in paragraph at lines 352--357
\T1/ptm/m/n/10.95 (+20) The orig-i-nal com-pact \T1/ptm/m/sc/10.95 (+20) Full \
T1/ptm/m/n/10.95 (+20) is be-low BGE

Underfull \hbox (badness 10000) in paragraph at lines 352--357
\T1/ptm/m/n/10.95 (+20) on the same com-po-nent set: $\OMS/cmsy/m/n/10.95 ^^@\O
T1/cmr/m/n/10.95 0\OML/cmm/m/it/10.95 :\OT1/cmr/m/n/10.95 03998$

Underfull \hbox (badness 3343) in paragraph at lines 352--357
\OT1/cmr/m/n/10.95 [\OMS/cmsy/m/n/10.95 ^^@\OT1/cmr/m/n/10.95 0\OML/cmm/m/it/10
.95 :\OT1/cmr/m/n/10.95 05393\OML/cmm/m/it/10.95 ;  \OMS/cmsy/m/n/10.95 ^^@\OT1
/cmr/m/n/10.95 0\OML/cmm/m/it/10.95 :\OT1/cmr/m/n/10.95 02621]$\T1/ptm/m/n/10.9
5 (+20) . BM25 and the hy-

Underfull \hbox (badness 2707) in paragraph at lines 352--357
\T1/ptm/m/n/10.95 (+20) brid are ad-di-tional com-para-tors, with \T1/ptm/m/sc/
10.95 (+20) Full

Underfull \hbox (badness 2680) in paragraph at lines 352--357
\T1/ptm/m/n/10.95 (+20) dif-fer-ences of $\OMS/cmsy/m/n/10.95 ^^@\OT1/cmr/m/n/1
0.95 0\OML/cmm/m/it/10.95 :\OT1/cmr/m/n/10.95 00755$ $[\OMS/cmsy/m/n/10.95 ^^@\
OT1/cmr/m/n/10.95 0\OML/cmm/m/it/10.95 :\OT1/cmr/m/n/10.95 02259\OML/cmm/m/it/1
0.95 ;  \OT1/cmr/m/n/10.95 0\OML/cmm/m/it/10.95 :\OT1/cmr/m/n/10.95 00773]$

LaTeX Warning: Reference `fig:effects' on page 5 undefined on input line 366.


LaTeX Warning: Reference `app:geometry' on page 5 undefined on input line 418.


Underfull \vbox (badness 1748) has occurred while \output is active
Underfull \vbox (badness 1748) has occurred while \output is active [5]

LaTeX Warning: Reference `tab:attribution' on page 6 undefined on input line 42
9.


Underfull \hbox (badness 1221) in paragraph at lines 441--442
[]|\T1/ptm/m/n/9 (+20) Pipeline gain; group-ing vs

Underfull \hbox (badness 1742) in paragraph at lines 469--479
\T1/ptm/m/n/10.95 (+20) Structured ev-i-dence com-ple-tion im-proves the
[6 <../shared/effects.pdf>]
No file main.bbl.

Underfull \hbox (badness 10000) in paragraph at lines 514--523
\T1/ptm/m/n/10.95 (+20) The com-pact method uses

Underfull \hbox (badness 10000) in paragraph at lines 514--523
\T1/pcr/m/n/10.95 all-MiniLM-L6-v2\T1/ptm/m/n/10.95 (+20) ; the strong rank-ing


Underfull \hbox (badness 1742) in paragraph at lines 514--523
\T1/ptm/m/n/10.95 (+20) uses \T1/pcr/m/n/10.95 BAAI/bge-large-en-v1.5\T1/ptm/m/
n/10.95 (+20) . Na-tive
[7 <../shared/components.pdf>]
Underfull \hbox (badness 3302) in paragraph at lines 535--542
[]\T1/ptm/m/n/10.95 (+20) The pa-per's sci-en-tific names map to the

Underfull \hbox (badness 2334) in paragraph at lines 565--575
 []\T1/ptm/b/n/10.95 (+20) Complexity and mea-sured cost.[] \T1/ptm/m/n/10.95 (
+20) With em-
(../shared/reproduction_details.tex
Underfull \hbox (badness 2285) in paragraph at lines 4--13
 []\T1/ptm/b/n/10.95 (+20) Retrieval and units.[] \T1/ptm/m/n/10.95 (+20) The c
om-pact en-coder

Underfull \hbox (badness 10000) in paragraph at lines 4--13
\T1/ptm/m/n/10.95 (+20) is \T1/pcr/m/n/10.95 all-MiniLM-L6-v2\T1/ptm/m/n/10.95 
(+20) , with attention-

Underfull \hbox (badness 10000) in paragraph at lines 4--13
\T1/ptm/m/n/10.95 (+20) mask mean pool-ing, L2 nor-mal-iza-tion,

Underfull \hbox (badness 1874) in paragraph at lines 4--13
\T1/ptm/m/n/10.95 (+20) and a 192-token en-coder limit. BGE uses

Underfull \hbox (badness 10000) in paragraph at lines 4--13
\T1/pcr/m/n/10.95 bge-large-en-v1.5\T1/ptm/m/n/10.95 (+20) , CLS pool-ing, L2

Underfull \hbox (badness 1968) in paragraph at lines 4--13
\T1/ptm/m/n/10.95 (+20) the ques-tion. Doc-u-ment in-puts con-cate-nate

Underfull \hbox (badness 1320) in paragraph at lines 4--13
\T1/ptm/m/n/10.95 (+20) the ti-tle and sen-tence. Hot-potQA pre-serves

Underfull \hbox (badness 2865) in paragraph at lines 4--13
\T1/ptm/m/n/10.95 (+20) the sup-plied sen-tence bound-aries; MuSiQue

Underfull \hbox (badness 2726) in paragraph at lines 4--13
\T1/ptm/m/n/10.95 (+20) splits whitespace-normalized para-graphs with

Underfull \hbox (badness 2277) in paragraph at lines 4--13
\T1/ptm/m/n/10.95 (+20) the frozen punctuation-and-capitalization rule.

Underfull \hbox (badness 1127) in paragraph at lines 4--13
\T1/ptm/m/n/10.95 (+20) re-pro-ducibil-ity con-fig-u-ra-tion pins the en-coder

Underfull \hbox (badness 1117) in paragraph at lines 15--21
 []\T1/ptm/b/n/10.95 (+20) Lexical base-lines.[] \T1/ptm/m/n/10.95 (+20) BM25 u
ses low-er-case al-
[8])
Underfull \hbox (badness 1052) in paragraph at lines 39--586
\T1/ptm/m/n/10.95 (+20) potQA as-signs zero to-ken F1 to mis-matched

Package natbib Warning: There were undefined citations.

[9]
(E:\SCIENCE\HyperGranular-RAG\research\2026-10-02_bounded_upgrade\manuscripts\c
onference\build\main.aux)

LaTeX Warning: There were undefined references.


LaTeX Warning: Label(s) may have changed. Rerun to get cross-references right.


Package rerunfilecheck Warning: File `main.out' has changed.
(rerunfilecheck)                Rerun to get outlines right
(rerunfilecheck)                or use package `bookmark'.

 )
(see the transcript file for additional information)<C:/Users/cc/AppData/Local/
Programs/MiKTeX/fonts/type1/public/amsfonts/cm/cmex10.pfb><C:/Users/cc/AppData/
Local/Programs/MiKTeX/fonts/type1/public/amsfonts/cm/cmmi10.pfb><C:/Users/cc/Ap
pData/Local/Programs/MiKTeX/fonts/type1/public/amsfonts/cm/cmmi8.pfb><C:/Users/
cc/AppData/Local/Programs/MiKTeX/fonts/type1/public/amsfonts/cm/cmmi9.pfb><C:/U
sers/cc/AppData/Local/Programs/MiKTeX/fonts/type1/public/amsfonts/cm/cmr10.pfb>
<C:/Users/cc/AppData/Local/Programs/MiKTeX/fonts/type1/public/amsfonts/cm/cmr8.
pfb><C:/Users/cc/AppData/Local/Programs/MiKTeX/fonts/type1/public/amsfonts/cm/c
mr9.pfb><C:/Users/cc/AppData/Local/Programs/MiKTeX/fonts/type1/public/amsfonts/
cm/cmsy10.pfb><C:/Users/cc/AppData/Local/Programs/MiKTeX/fonts/type1/public/ams
fonts/cm/cmsy8.pfb><C:/Users/cc/AppData/Local/Programs/MiKTeX/fonts/type1/urw/c
ourier/ucrr8a.pfb><C:/Users/cc/AppData/Local/Programs/MiKTeX/fonts/type1/urw/he
lvetic/uhvb8a.pfb><C:/Users/cc/AppData/Local/Programs/MiKTeX/fonts/type1/urw/ti
mes/utmb8a.pfb><C:/Users/cc/AppData/Local/Programs/MiKTeX/fonts/type1/urw/times
/utmr8a.pfb><C:/Users/cc/AppData/Local/Programs/MiKTeX/fonts/type1/urw/times/ut
mri8a.pfb>
Output written on E:\SCIENCE\HyperGranular-RAG\research\2026-10-02_bounded_upgr
ade\manuscripts\conference\build\main.pdf (9 pages, 285565 bytes).
Transcript written on E:\SCIENCE\HyperGranular-RAG\research\2026-10-02_bounded_
upgrade\manuscripts\conference\build\main.log.

pdflatex: major issue: So far, you have not checked for MiKTeX updates.
